PS C:\Users\barge\Desktop\software\MFIBlocks\Financial\TERF-genericer-78cf23d5958a> java -jar target\GenericER-0.1.jar b
in\bar_run.properties > experiment.txt
Using Spark's default log4j profile: org/apache/spark/log4j-defaults.properties
18/03/28 10:18:07 INFO SparkContext: Running Spark version 2.1.0
18/03/28 10:18:07 WARN SparkContext: Support for Scala 2.10 is deprecated as of Spark 2.1.0
18/03/28 10:18:07 WARN NativeCodeLoader: Unable to load native-hadoop library for your platform... using builtin-java classes where applicable
18/03/28 10:18:07 INFO SecurityManager: Changing view acls to: barge
18/03/28 10:18:07 INFO SecurityManager: Changing modify acls to: barge
18/03/28 10:18:07 INFO SecurityManager: Changing view acls groups to:
18/03/28 10:18:07 INFO SecurityManager: Changing modify acls groups to:
18/03/28 10:18:07 INFO SecurityManager: SecurityManager: authentication disabled; ui acls disabled; users  with view permissions: Set(barge); groups with view permissions: Set(); users  with modify permissions: Set(barge); groups with modify permissions: Set()
18/03/28 10:18:08 INFO Utils: Successfully started service 'sparkDriver' on port 51549.
18/03/28 10:18:08 INFO SparkEnv: Registering MapOutputTracker
18/03/28 10:18:08 INFO SparkEnv: Registering BlockManagerMaster
18/03/28 10:18:08 INFO BlockManagerMasterEndpoint: Using org.apache.spark.storage.DefaultTopologyMapper for getting topology information
18/03/28 10:18:08 INFO BlockManagerMasterEndpoint: BlockManagerMasterEndpoint up
18/03/28 10:18:08 INFO DiskBlockManager: Created local directory at C:\Users\barge\AppData\Local\Temp\blockmgr-56585396-3544-4174-a2ba-aafd8695000b
18/03/28 10:18:08 INFO MemoryStore: MemoryStore started with capacity 899.7 MB
18/03/28 10:18:08 INFO SparkEnv: Registering OutputCommitCoordinator
18/03/28 10:18:09 INFO Utils: Successfully started service 'SparkUI' on port 4040.
18/03/28 10:18:09 INFO SparkUI: Bound SparkUI to 0.0.0.0, and started at http://10.0.0.17:4040
18/03/28 10:18:09 INFO Executor: Starting executor ID driver on host localhost
18/03/28 10:18:09 INFO Utils: Successfully started service 'org.apache.spark.network.netty.NettyBlockTransferService' on port 51570.
18/03/28 10:18:09 INFO NettyBlockTransferService: Server created on 10.0.0.17:51570
18/03/28 10:18:09 INFO BlockManager: Using org.apache.spark.storage.RandomBlockReplicationPolicy for block replication policy
18/03/28 10:18:09 INFO BlockManagerMaster: Registering BlockManager BlockManagerId(driver, 10.0.0.17, 51570, None)
18/03/28 10:18:09 INFO BlockManagerMasterEndpoint: Registering block manager 10.0.0.17:51570 with 899.7 MB RAM, BlockManagerId(driver, 10.0.0.17, 51570, None)
18/03/28 10:18:09 INFO BlockManagerMaster: Registered BlockManager BlockManagerId(driver, 10.0.0.17, 51570, None)
18/03/28 10:18:09 INFO BlockManager: Initialized BlockManager: BlockManagerId(driver, 10.0.0.17, 51570, None)
org.apache.commons.exec.ExecuteException: Process exited with an error: 1 (Exit value: 1)
        at org.apache.commons.exec.DefaultExecutor.executeInternal(DefaultExecutor.java:404)
        at org.apache.commons.exec.DefaultExecutor.execute(DefaultExecutor.java:166)
        at org.apache.commons.exec.DefaultExecutor.execute(DefaultExecutor.java:153)
        at BatchER.MFIB.build.BlocksBuilder.run(BlocksBuilder.java:87)
        at BatchER.MFIB.MFIB.main(MFIB.java:95)
        at BatchER.MFIB.MFIB.build(MFIB.java:151)
        at experiments.batch.AbstractBatchExperiment.runAlgorithm(AbstractBatchExperiment.java:60)
        at experiments.batch.GENERAL.B_MFIB.main(B_MFIB.java:19)
        at sun.reflect.NativeMethodAccessorImpl.invoke0(Native Method)
        at sun.reflect.NativeMethodAccessorImpl.invoke(Unknown Source)
        at sun.reflect.DelegatingMethodAccessorImpl.invoke(Unknown Source)
        at java.lang.reflect.Method.invoke(Unknown Source)
        at experiments.MainExperimentsClass.main(MainExperimentsClass.java:49)
org.apache.commons.exec.ExecuteException: Process exited with an error: 1 (Exit value: 1)
        at org.apache.commons.exec.DefaultExecutor.executeInternal(DefaultExecutor.java:404)
        at org.apache.commons.exec.DefaultExecutor.execute(DefaultExecutor.java:166)
        at org.apache.commons.exec.DefaultExecutor.execute(DefaultExecutor.java:153)
        at BatchER.MFIB.build.BlocksBuilder.run(BlocksBuilder.java:87)
        at BatchER.MFIB.MFIB.main(MFIB.java:95)
        at BatchER.MFIB.MFIB.build(MFIB.java:151)
        at experiments.batch.AbstractBatchExperiment.runAlgorithm(AbstractBatchExperiment.java:60)
        at experiments.batch.GENERAL.B_MFIB.main(B_MFIB.java:19)
        at sun.reflect.NativeMethodAccessorImpl.invoke0(Native Method)
        at sun.reflect.NativeMethodAccessorImpl.invoke(Unknown Source)
        at sun.reflect.DelegatingMethodAccessorImpl.invoke(Unknown Source)
        at java.lang.reflect.Method.invoke(Unknown Source)
        at experiments.MainExperimentsClass.main(MainExperimentsClass.java:49)
org.apache.commons.exec.ExecuteException: Process exited with an error: 1 (Exit value: 1)
        at org.apache.commons.exec.DefaultExecutor.executeInternal(DefaultExecutor.java:404)
        at org.apache.commons.exec.DefaultExecutor.execute(DefaultExecutor.java:166)
        at org.apache.commons.exec.DefaultExecutor.execute(DefaultExecutor.java:153)
        at BatchER.MFIB.build.BlocksBuilder.run(BlocksBuilder.java:87)
        at BatchER.MFIB.MFIB.main(MFIB.java:95)
        at BatchER.MFIB.MFIB.build(MFIB.java:151)
        at experiments.batch.AbstractBatchExperiment.runAlgorithm(AbstractBatchExperiment.java:60)
        at experiments.batch.GENERAL.B_MFIB.main(B_MFIB.java:19)
        at sun.reflect.NativeMethodAccessorImpl.invoke0(Native Method)
        at sun.reflect.NativeMethodAccessorImpl.invoke(Unknown Source)
        at sun.reflect.DelegatingMethodAccessorImpl.invoke(Unknown Source)
        at java.lang.reflect.Method.invoke(Unknown Source)
        at experiments.MainExperimentsClass.main(MainExperimentsClass.java:49)
org.apache.commons.exec.ExecuteException: Process exited with an error: 1 (Exit value: 1)
        at org.apache.commons.exec.DefaultExecutor.executeInternal(DefaultExecutor.java:404)
        at org.apache.commons.exec.DefaultExecutor.execute(DefaultExecutor.java:166)
        at org.apache.commons.exec.DefaultExecutor.execute(DefaultExecutor.java:153)
        at BatchER.MFIB.build.BlocksBuilder.run(BlocksBuilder.java:87)
        at BatchER.MFIB.MFIB.main(MFIB.java:95)
        at BatchER.MFIB.MFIB.build(MFIB.java:151)
        at experiments.batch.AbstractBatchExperiment.runAlgorithm(AbstractBatchExperiment.java:60)
        at experiments.batch.GENERAL.B_MFIB.main(B_MFIB.java:19)
        at sun.reflect.NativeMethodAccessorImpl.invoke0(Native Method)
        at sun.reflect.NativeMethodAccessorImpl.invoke(Unknown Source)
        at sun.reflect.DelegatingMethodAccessorImpl.invoke(Unknown Source)
        at java.lang.reflect.Method.invoke(Unknown Source)
        at experiments.MainExperimentsClass.main(MainExperimentsClass.java:49)
org.apache.commons.exec.ExecuteException: Process exited with an error: 1 (Exit value: 1)
        at org.apache.commons.exec.DefaultExecutor.executeInternal(DefaultExecutor.java:404)
        at org.apache.commons.exec.DefaultExecutor.execute(DefaultExecutor.java:166)
        at org.apache.commons.exec.DefaultExecutor.execute(DefaultExecutor.java:153)
        at BatchER.MFIB.build.BlocksBuilder.run(BlocksBuilder.java:87)
        at BatchER.MFIB.MFIB.main(MFIB.java:95)
        at BatchER.MFIB.MFIB.build(MFIB.java:151)
        at experiments.batch.AbstractBatchExperiment.runAlgorithm(AbstractBatchExperiment.java:60)
        at experiments.batch.GENERAL.B_MFIB.main(B_MFIB.java:19)
        at sun.reflect.NativeMethodAccessorImpl.invoke0(Native Method)
        at sun.reflect.NativeMethodAccessorImpl.invoke(Unknown Source)
        at sun.reflect.DelegatingMethodAccessorImpl.invoke(Unknown Source)
        at java.lang.reflect.Method.invoke(Unknown Source)
        at experiments.MainExperimentsClass.main(MainExperimentsClass.java:49)
PS C:\Users\barge\Desktop\software\MFIBlocks\Financial\TERF-genericer-78cf23d5958a>
PS C:\Users\barge\Desktop\software\MFIBlocks\Financial\TERF-genericer-78cf23d5958a> fvfv
fvfv : The term 'fvfv' is not recognized as the name of a cmdlet, function, script file, or operable program. Check
the spelling of the name, or if a path was included, verify that the path is correct and try again.
At line:1 char:1
+ fvfv
+ ~~~~
    + CategoryInfo          : ObjectNotFound: (fvfv:String) [], CommandNotFoundException
    + FullyQualifiedErrorId : CommandNotFoundException